A51 MACRO ASSEMBLER  DSCR                                                                 10/03/2026 17:13:57 PAGE     1


MACRO ASSEMBLER A51 V8.2.7.0
OBJECT MODULE PLACED IN dscr.OBJ
ASSEMBLER INVOKED BY: C:\Keil_v5\C51\BIN\A51.EXE dscr.a51 SET(SMALL) DEBUG EP

LOC  OBJ            LINE     SOURCE

                       1     ;;-----------------------------------------------------------------------------
                       2     ;;   File:      dscr.a51
                       3     ;;   Contents:  This file contains descriptor data tables.
                       4     ;;
                       5     ;; $Date: 4/27/05 11:19a $
                       6     ;; $Revision: 2 $
                       7     ;;
                       8     ;;
                       9     ;;-----------------------------------------------------------------------------
                      10     ;; Copyright 2005, Cypress Semiconductor Corporation
                      11     ;;-----------------------------------------------------------------------------
                      12     ;;-----------------------------------------------------------------------------
                      13        
  0001                14     DSCR_DEVICE   equ   1   ;; Descriptor type: Device
  0002                15     DSCR_CONFIG   equ   2   ;; Descriptor type: Configuration
  0003                16     DSCR_STRING   equ   3   ;; Descriptor type: String
  0004                17     DSCR_INTRFC   equ   4   ;; Descriptor type: Interface
  0005                18     DSCR_ENDPNT   equ   5   ;; Descriptor type: Endpoint
  0006                19     DSCR_DEVQUAL  equ   6   ;; Descriptor type: Device Qualifier
                      20     
  0012                21     DSCR_DEVICE_LEN   equ   18
  0009                22     DSCR_CONFIG_LEN   equ    9
  0009                23     DSCR_INTRFC_LEN   equ    9
  0007                24     DSCR_ENDPNT_LEN   equ    7
  000A                25     DSCR_DEVQUAL_LEN  equ   10
                      26     
  0000                27     ET_CONTROL   equ   0   ;; Endpoint type: Control
  0001                28     ET_ISO       equ   1   ;; Endpoint type: Isochronous
  0002                29     ET_BULK      equ   2   ;; Endpoint type: Bulk
  0003                30     ET_INT       equ   3   ;; Endpoint type: Interrupt
                      31     
                      32     public      DeviceDscr, DeviceQualDscr, HighSpeedConfigDscr, FullSpeedConfigDscr, StringDsc
                             r, UserDscr
                      33     
                      34     DSCR   SEGMENT   CODE PAGE
                      35     
                      36     ;;-----------------------------------------------------------------------------
                      37     ;; Global Variables
                      38     ;;-----------------------------------------------------------------------------
----                  39           rseg DSCR      ;; locate the descriptor table in on-part memory.
                      40     
0000                  41     DeviceDscr:   
0000 12               42           db   DSCR_DEVICE_LEN      ;; Descriptor length
0001 01               43           db   DSCR_DEVICE   ;; Decriptor type
0002 0002             44           dw   0002H      ;; Specification Version (BCD)
0004 00               45           db   00H        ;; Device class
0005 00               46           db   00H         ;; Device sub-class
0006 00               47           db   00H         ;; Device sub-sub-class
0007 40               48           db   64         ;; Maximum packet size
0008 B404             49           dw   0B404H      ;; Vendor ID
                      50     ;;      dw   0410H      ;; Product ID (Sample Device)
000A 0510             51           dw   0510H      ;; Product ID (Sample Device)
000C 0000             52           dw   0000H      ;; Product version ID
000E 01               53           db   1         ;; Manufacturer string index
000F 02               54           db   2         ;; Product string index
0010 00               55           db   0         ;; Serial number string index
0011 01               56           db   1         ;; Number of configurations
                      57     
A51 MACRO ASSEMBLER  DSCR                                                                 10/03/2026 17:13:57 PAGE     2

0012                  58     DeviceQualDscr:
0012 0A               59           db   DSCR_DEVQUAL_LEN   ;; Descriptor length
0013 06               60           db   DSCR_DEVQUAL   ;; Decriptor type
0014 0002             61           dw   0002H      ;; Specification Version (BCD)
0016 00               62           db   00H        ;; Device class
0017 00               63           db   00H         ;; Device sub-class
0018 00               64           db   00H         ;; Device sub-sub-class
0019 40               65           db   64         ;; Maximum packet size
001A 01               66           db   1         ;; Number of configurations
001B 00               67           db   0         ;; Reserved
                      68     
001C                  69     HighSpeedConfigDscr:   
001C 09               70           db   DSCR_CONFIG_LEN               ;; Descriptor length
001D 02               71           db   DSCR_CONFIG                  ;; Descriptor type
001E 3C               72           db   (HighSpeedConfigDscrEnd-HighSpeedConfigDscr) mod 256 ;; Total Length (LSB)
001F 00               73           db   (HighSpeedConfigDscrEnd-HighSpeedConfigDscr)  /  256 ;; Total Length (MSB)
0020 01               74           db   1      ;; Number of interfaces
0021 01               75           db   1      ;; Configuration number
0022 00               76           db   0      ;; Configuration string
0023 80               77           db   10000000b   ;; Attributes (b7 - buspwr, b6 - selfpwr, b5 - rwu)
0024 32               78           db   50      ;; Power requirement (div 2 ma)
                      79     
                      80     ;; Interface Descriptor
0025 09               81           db   DSCR_INTRFC_LEN      ;; Descriptor length
0026 04               82           db   DSCR_INTRFC         ;; Descriptor type
0027 00               83           db   0               ;; Zero-based index of this interface
0028 00               84           db   0               ;; Alternate setting
0029 06               85           db   6               ;; Number of end points 
002A FF               86           db   0ffH            ;; Interface class
002B 00               87           db   00H               ;; Interface sub class
002C 00               88           db   00H               ;; Interface sub sub class
002D 00               89           db   0               ;; Interface descriptor string index
                      90     
                      91     
                      92     ;; Endpoint Descriptor 0x01
002E 07               93           db   DSCR_ENDPNT_LEN      ;; Descriptor length
002F 05               94           db   DSCR_ENDPNT         ;; Descriptor type
0030 01               95           db   01H               ;; Endpoint number, and direction
0031 02               96           db   ET_BULK            ;; Endpoint type
                      97     ;      db   ET_INT            ;; Endpoint type
                      98     ;      db   00H               ;; Maximun packet size (LSB)
                      99     ;;      db   02H               ;; Max packect size (MSB)
0032 40              100           db   40H               ;; Maximun packet size (LSB)
0033 00              101           db   00H               ;; Max packect size (MSB)
0034 00              102           db   00H               ;; Polling interval
                     103     
                     104     ;; Endpoint Descriptor 0x81
0035 07              105           db   DSCR_ENDPNT_LEN      ;; Descriptor length
0036 05              106           db   DSCR_ENDPNT         ;; Descriptor type
0037 81              107           db   81H               ;; Endpoint number, and direction
0038 02              108         db   ET_BULK            ;; Endpoint type
                     109     ;;      db   ET_INT            ;; Endpoint type
                     110     ;;      db   00H               ;; Maximun packet size (LSB)
                     111     ;;      db   02H               ;; Max packect size (MSB)
0039 40              112           db   40H               ;; Maximun packet size (LSB)
003A 00              113           db   00H               ;; Max packect size (MSB)
003B 00              114           db   00H               ;; Polling interval 
                     115          
                     116     ;; Endpoint Descriptor 0x02
003C 07              117           db   DSCR_ENDPNT_LEN      ;; Descriptor length
003D 05              118           db   DSCR_ENDPNT         ;; Descriptor type
003E 02              119           db   02H               ;; Endpoint number, and direction
                     120     ;;      db   ET_BULK            ;; Endpoint type
003F 03              121           db   ET_INT 
0040 00              122           db   00H               ;; Maximun packet size (LSB)
0041 02              123           db   02H               ;; Max packect size (MSB)
A51 MACRO ASSEMBLER  DSCR                                                                 10/03/2026 17:13:57 PAGE     3

                     124     ;;      db   04H               ;; Max packect size (MSB)
0042 00              125           db   00H               ;; Polling interval
                     126     
                     127     ;; Endpoint Descriptor 0x04
0043 07              128           db   DSCR_ENDPNT_LEN      ;; Descriptor length
0044 05              129           db   DSCR_ENDPNT         ;; Descriptor type
0045 04              130           db   04H               ;; Endpoint number, and direction
0046 02              131           db   ET_BULK            ;; Endpoint type
                     132     ;;      db   ET_INT 
0047 00              133           db   00H               ;; Maximun packet size (LSB)
0048 02              134           db   02H               ;; Max packect size (MSB)
0049 00              135           db   00H               ;; Polling interval
                     136     
                     137     ;; Endpoint Descriptor 0x86
004A 07              138           db   DSCR_ENDPNT_LEN      ;; Descriptor length
004B 05              139           db   DSCR_ENDPNT         ;; Descriptor type
004C 86              140           db   86H               ;; Endpoint number, and direction
                     141     ;;      db   ET_BULK            ;; Endpoint type
004D 03              142           db   ET_INT 
004E 00              143           db   00H               ;; Maximun packet size (LSB)
004F 02              144           db   02H               ;; Max packect size (MSB)
                     145     ;;        db   04H               ;; Max packect size (MSB)
0050 00              146           db   00H               ;; Polling interval
                     147     
                     148     ;; Endpoint Descriptor 0x88
0051 07              149           db   DSCR_ENDPNT_LEN      ;; Descriptor length
0052 05              150           db   DSCR_ENDPNT         ;; Descriptor type
0053 88              151           db   88H               ;; Endpoint number, and direction
0054 02              152           db   ET_BULK            ;; Endpoint type
0055 00              153           db   00H               ;; Maximun packet size (LSB)
0056 02              154           db   02H               ;; Max packect size (MSB)
0057 00              155           db   00H               ;; Polling interval
                     156     
0058                 157     HighSpeedConfigDscrEnd:   
                     158     
0058                 159     FullSpeedConfigDscr:   
0058 09              160           db   DSCR_CONFIG_LEN               ;; Descriptor length
0059 02              161           db   DSCR_CONFIG                  ;; Descriptor type
005A 3C              162           db   (FullSpeedConfigDscrEnd-FullSpeedConfigDscr) mod 256 ;; Total Length (LSB)
005B 00              163           db   (FullSpeedConfigDscrEnd-FullSpeedConfigDscr)  /  256 ;; Total Length (MSB)
005C 01              164           db   1      ;; Number of interfaces
005D 01              165           db   1      ;; Configuration number
005E 00              166           db   0      ;; Configuration string
005F 80              167           db   10000000b   ;; Attributes (b7 - buspwr, b6 - selfpwr, b5 - rwu)
0060 32              168           db   50      ;; Power requirement (div 2 ma)
                     169     
                     170     ;; Interface Descriptor
0061 09              171           db   DSCR_INTRFC_LEN      ;; Descriptor length
0062 04              172           db   DSCR_INTRFC         ;; Descriptor type
0063 00              173           db   0               ;; Zero-based index of this interface
0064 00              174           db   0               ;; Alternate setting
0065 06              175           db   6               ;; Number of end points 
0066 FF              176           db   0ffH            ;; Interface class
0067 00              177           db   00H               ;; Interface sub class
0068 00              178           db   00H               ;; Interface sub sub class
0069 00              179           db   0               ;; Interface descriptor string index
                     180          
                     181     ;; Endpoint Descriptor
006A 07              182           db   DSCR_ENDPNT_LEN      ;; Descriptor length
006B 05              183           db   DSCR_ENDPNT         ;; Descriptor type
006C 01              184           db   01H               ;; Endpoint number, and direction
006D 02              185           db   ET_BULK            ;; Endpoint type
006E 40              186           db   40H               ;; Maximun packet size (LSB)
006F 00              187           db   00H               ;; Max packect size (MSB)
0070 00              188           db   00H               ;; Polling interval
                     189     
A51 MACRO ASSEMBLER  DSCR                                                                 10/03/2026 17:13:57 PAGE     4

                     190     ;; Endpoint Descriptor
0071 07              191           db   DSCR_ENDPNT_LEN      ;; Descriptor length
0072 05              192           db   DSCR_ENDPNT         ;; Descriptor type
0073 81              193           db   81H               ;; Endpoint number, and direction
0074 02              194           db   ET_BULK            ;; Endpoint type
0075 40              195           db   40H               ;; Maximun packet size (LSB)
0076 00              196           db   00H               ;; Max packect size (MSB)
0077 00              197           db   00H               ;; Polling interval 
                     198      
                     199     ;; Endpoint Descriptor
0078 07              200           db   DSCR_ENDPNT_LEN      ;; Descriptor length
0079 05              201           db   DSCR_ENDPNT         ;; Descriptor type
007A 02              202           db   02H               ;; Endpoint number, and direction
007B 02              203           db   ET_BULK            ;; Endpoint type
007C 40              204           db   40H               ;; Maximun packet size (LSB)
007D 00              205           db   00H               ;; Max packect size (MSB)
007E 00              206           db   00H               ;; Polling interval
                     207     
                     208     ;; Endpoint Descriptor
007F 07              209           db   DSCR_ENDPNT_LEN      ;; Descriptor length
0080 05              210           db   DSCR_ENDPNT         ;; Descriptor type
0081 04              211           db   04H               ;; Endpoint number, and direction
0082 02              212           db   ET_BULK            ;; Endpoint type
0083 40              213           db   40H               ;; Maximun packet size (LSB)
0084 00              214           db   00H               ;; Max packect size (MSB)
0085 00              215           db   00H               ;; Polling interval
                     216     
                     217     ;; Endpoint Descriptor
0086 07              218           db   DSCR_ENDPNT_LEN      ;; Descriptor length
0087 05              219           db   DSCR_ENDPNT         ;; Descriptor type
0088 86              220           db   86H               ;; Endpoint number, and direction
0089 02              221           db   ET_BULK            ;; Endpoint type
008A 40              222           db   40H               ;; Maximun packet size (LSB)
008B 00              223           db   00H               ;; Max packect size (MSB)
008C 00              224           db   00H               ;; Polling interval
                     225     
                     226     ;; Endpoint Descriptor
008D 07              227           db   DSCR_ENDPNT_LEN      ;; Descriptor length
008E 05              228           db   DSCR_ENDPNT         ;; Descriptor type
008F 88              229           db   88H               ;; Endpoint number, and direction
0090 02              230           db   ET_BULK            ;; Endpoint type
0091 40              231           db   40H               ;; Maximun packet size (LSB)
0092 00              232           db   00H               ;; Max packect size (MSB)
0093 00              233           db   00H               ;; Polling interval
                     234     
0094                 235     FullSpeedConfigDscrEnd:   
                     236     
0094                 237     StringDscr:
                     238     
0094                 239     StringDscr0:   
0094 04              240           db   StringDscr0End-StringDscr0      ;; String descriptor length
0095 03              241           db   DSCR_STRING
0096 0904            242           db   09H,04H
0098                 243     StringDscr0End:
                     244     
0098                 245     StringDscr1:   
0098 10              246           db   StringDscr1End-StringDscr1      ;; String descriptor length
0099 03              247           db   DSCR_STRING
009A 4300            248           db   'C',00
009C 7900            249           db   'y',00
009E 7000            250           db   'p',00
00A0 7200            251           db   'r',00
00A2 6500            252           db   'e',00
00A4 7300            253           db   's',00
00A6 7300            254           db   's',00
00A8                 255     StringDscr1End:
A51 MACRO ASSEMBLER  DSCR                                                                 10/03/2026 17:13:57 PAGE     5

                     256     
00A8                 257     StringDscr2:   
00A8 1C              258           db   StringDscr2End-StringDscr2      ;; Descriptor length
00A9 03              259           db   DSCR_STRING
00AA 4500            260           db   'E',00
00AC 5A00            261           db   'Z',00
00AE 2D00            262           db   '-',00
00B0 5500            263           db   'U',00
00B2 5300            264           db   'S',00
00B4 4200            265           db   'B',00
00B6 2000            266           db   ' ',00
00B8 4500            267           db   'E',00
00BA 5000            268           db   'P',00
00BC 2000            269           db   ' ',00
00BE 4900            270           db   'I',00
00C0 4E00            271           db   'N',00
00C2 5400            272           db   'T',00
00C4                 273     StringDscr2End:
                     274     
00C4                 275     UserDscr:      
00C4 0000            276           dw   0000H
                     277           end
                                   
A51 MACRO ASSEMBLER  DSCR                                                                 10/03/2026 17:13:57 PAGE     6

SYMBOL TABLE LISTING
------ ----- -------


N A M E                 T Y P E  V A L U E   ATTRIBUTES

DEVICEDSCR . . . . . .  C ADDR   0000H   R   SEG=DSCR
DEVICEQUALDSCR . . . .  C ADDR   0012H   R   SEG=DSCR
DSCR . . . . . . . . .  C SEG    00C6H       REL=PAGE
DSCR_CONFIG. . . . . .  N NUMB   0002H   A   
DSCR_CONFIG_LEN. . . .  N NUMB   0009H   A   
DSCR_DEVICE. . . . . .  N NUMB   0001H   A   
DSCR_DEVICE_LEN. . . .  N NUMB   0012H   A   
DSCR_DEVQUAL . . . . .  N NUMB   0006H   A   
DSCR_DEVQUAL_LEN . . .  N NUMB   000AH   A   
DSCR_ENDPNT. . . . . .  N NUMB   0005H   A   
DSCR_ENDPNT_LEN. . . .  N NUMB   0007H   A   
DSCR_INTRFC. . . . . .  N NUMB   0004H   A   
DSCR_INTRFC_LEN. . . .  N NUMB   0009H   A   
DSCR_STRING. . . . . .  N NUMB   0003H   A   
ET_BULK. . . . . . . .  N NUMB   0002H   A   
ET_CONTROL . . . . . .  N NUMB   0000H   A   
ET_INT . . . . . . . .  N NUMB   0003H   A   
ET_ISO . . . . . . . .  N NUMB   0001H   A   
FULLSPEEDCONFIGDSCR. .  C ADDR   0058H   R   SEG=DSCR
FULLSPEEDCONFIGDSCREND  C ADDR   0094H   R   SEG=DSCR
HIGHSPEEDCONFIGDSCR. .  C ADDR   001CH   R   SEG=DSCR
HIGHSPEEDCONFIGDSCREND  C ADDR   0058H   R   SEG=DSCR
STRINGDSCR . . . . . .  C ADDR   0094H   R   SEG=DSCR
STRINGDSCR0. . . . . .  C ADDR   0094H   R   SEG=DSCR
STRINGDSCR0END . . . .  C ADDR   0098H   R   SEG=DSCR
STRINGDSCR1. . . . . .  C ADDR   0098H   R   SEG=DSCR
STRINGDSCR1END . . . .  C ADDR   00A8H   R   SEG=DSCR
STRINGDSCR2. . . . . .  C ADDR   00A8H   R   SEG=DSCR
STRINGDSCR2END . . . .  C ADDR   00C4H   R   SEG=DSCR
USERDSCR . . . . . . .  C ADDR   00C4H   R   SEG=DSCR


REGISTER BANK(S) USED: 0 


ASSEMBLY COMPLETE.  0 WARNING(S), 0 ERROR(S)
