A51 MACRO ASSEMBLER  DSCR                                                                 01/27/2024 04:22:13 PAGE     1


MACRO ASSEMBLER A51 V7.10
OBJECT MODULE PLACED IN dscr.OBJ
ASSEMBLER INVOKED BY: C:\Keil\C51\BIN\A51.EXE dscr.a51 SET(SMALL) DEBUG EP

LOC  OBJ            LINE     SOURCE

                       1     ;;-----------------------------------------------------------------------------
                       2     ;;   File:      dscr.a51
                       3     ;;   Contents:  This file contains descriptor data tables.
                       4     ;;
                       5     ;; $Date: 4/27/05 11:19a $
                       6     ;; $Revision: 2 $
                       7     ;;
                       8     ;;
                       9     ;;-----------------------------------------------------------------------------
                      10     ;; Copyright 2005, Cypress Semiconductor Corporation
                      11     ;;-----------------------------------------------------------------------------
                      12     ;;-----------------------------------------------------------------------------
                      13        
  0001                14     DSCR_DEVICE   equ   1   ;; Descriptor type: Device
  0002                15     DSCR_CONFIG   equ   2   ;; Descriptor type: Configuration
  0003                16     DSCR_STRING   equ   3   ;; Descriptor type: String
  0004                17     DSCR_INTRFC   equ   4   ;; Descriptor type: Interface
  0005                18     DSCR_ENDPNT   equ   5   ;; Descriptor type: Endpoint
  0006                19     DSCR_DEVQUAL  equ   6   ;; Descriptor type: Device Qualifier
                      20     
  0012                21     DSCR_DEVICE_LEN   equ   18
  0009                22     DSCR_CONFIG_LEN   equ    9
  0009                23     DSCR_INTRFC_LEN   equ    9
  0007                24     DSCR_ENDPNT_LEN   equ    7
  000A                25     DSCR_DEVQUAL_LEN  equ   10
                      26     
  0000                27     ET_CONTROL   equ   0   ;; Endpoint type: Control
  0001                28     ET_ISO       equ   1   ;; Endpoint type: Isochronous
  0002                29     ET_BULK      equ   2   ;; Endpoint type: Bulk
  0003                30     ET_INT       equ   3   ;; Endpoint type: Interrupt
                      31     
                      32     public      DeviceDscr, DeviceQualDscr, HighSpeedConfigDscr, FullSpeedConfigDscr, StringDsc
                             r, UserDscr
                      33     
                      34     DSCR   SEGMENT   CODE PAGE
                      35     
                      36     ;;-----------------------------------------------------------------------------
                      37     ;; Global Variables
                      38     ;;-----------------------------------------------------------------------------
----                  39           rseg DSCR      ;; locate the descriptor table in on-part memory.
                      40     
0000                  41     DeviceDscr:   
0000 12               42           db   DSCR_DEVICE_LEN      ;; Descriptor length
0001 01               43           db   DSCR_DEVICE   ;; Decriptor type
0002 0002             44           dw   0002H      ;; Specification Version (BCD)
0004 00               45           db   00H        ;; Device class
0005 00               46           db   00H         ;; Device sub-class
0006 00               47           db   00H         ;; Device sub-sub-class
0007 40               48           db   64         ;; Maximum packet size
                      49     ;;      dw   0B404H      ;; Vendor 04B4H = 0412 invertito 1204
0008 3113             50           dw   3113H  
                      51     ;;      dw   0410H      ;; Product ID (Sample Device)
000A 0510             52           dw   0510H      ;; Product ID (Sample Device)
000C 0000             53           dw   0000H      ;; Product version ID
000E 01               54           db   1         ;; Manufacturer string index
000F 02               55           db   2         ;; Product string index
0010 00               56           db   0         ;; Serial number string index
0011 01               57           db   1         ;; Number of configurations
A51 MACRO ASSEMBLER  DSCR                                                                 01/27/2024 04:22:13 PAGE     2

                      58     
0012                  59     DeviceQualDscr:
0012 0A               60           db   DSCR_DEVQUAL_LEN   ;; Descriptor length
0013 06               61           db   DSCR_DEVQUAL   ;; Decriptor type
0014 0002             62           dw   0002H      ;; Specification Version (BCD)
0016 00               63           db   00H        ;; Device class
0017 00               64           db   00H         ;; Device sub-class
0018 00               65           db   00H         ;; Device sub-sub-class
0019 40               66           db   64         ;; Maximum packet size
001A 01               67           db   1         ;; Number of configurations
001B 00               68           db   0         ;; Reserved
                      69     
001C                  70     HighSpeedConfigDscr:   
001C 09               71           db   DSCR_CONFIG_LEN               ;; Descriptor length
001D 02               72           db   DSCR_CONFIG                  ;; Descriptor type
001E 27               73           db   (HighSpeedConfigDscrEnd-HighSpeedConfigDscr) mod 256 ;; Total Length (LSB)
001F 00               74           db   (HighSpeedConfigDscrEnd-HighSpeedConfigDscr)  /  256 ;; Total Length (MSB)
0020 01               75           db   1      ;; Number of interfaces
0021 01               76           db   1      ;; Configuration number
0022 00               77           db   0      ;; Configuration string
0023 80               78           db   10000000b   ;; Attributes (b7 - buspwr, b6 - selfpwr, b5 - rwu)
0024 32               79           db   50      ;; Power requirement (div 2 ma)
                      80     
                      81     ;; Interface Descriptor
0025 09               82           db   DSCR_INTRFC_LEN      ;; Descriptor length
0026 04               83           db   DSCR_INTRFC         ;; Descriptor type
0027 00               84           db   0               ;; Zero-based index of this interface
0028 00               85           db   0               ;; Alternate setting
                      86     ;;      db   6               ;; Number of end points
0029 03               87           db   3               ;; Number of end points         
002A FF               88           db   0ffH            ;; Interface class
002B 00               89           db   00H               ;; Interface sub class
002C 00               90           db   00H               ;; Interface sub sub class
002D 00               91           db   0               ;; Interface descriptor string index
                      92     
                      93     
                      94     ;; Endpoint Descriptor 0x01
002E 07               95           db   DSCR_ENDPNT_LEN      ;; Descriptor length
002F 05               96           db   DSCR_ENDPNT         ;; Descriptor type
0030 01               97           db   01H               ;; Endpoint number, and direction
0031 02               98           db   ET_BULK            ;; Endpoint type
                      99     ;;      db   ET_INT            ;; Endpoint type
                     100     ;;      db   00H               ;; Maximun packet size (LSB)
                     101     ;;      db   02H               ;; Max packect size (MSB)
0032 40              102           db   40H               ;; Maximun packet size (LSB)
0033 00              103           db   00H               ;; Max packect size (MSB)
0034 00              104           db   00H               ;; Polling interval
                     105     
                     106     ;; Endpoint Descriptor 0x81
0035 07              107           db   DSCR_ENDPNT_LEN      ;; Descriptor length
0036 05              108           db   DSCR_ENDPNT         ;; Descriptor type
0037 81              109           db   81H               ;; Endpoint number, and direction
0038 02              110         db   ET_BULK            ;; Endpoint type
                     111     ;;      db   ET_INT            ;; Endpoint type
                     112     ;;      db   00H               ;; Maximun packet size (LSB)
                     113     ;;      db   02H               ;; Max packect size (MSB)
0039 40              114           db   40H               ;; Maximun packet size (LSB)
003A 00              115           db   00H               ;; Max packect size (MSB)
003B 00              116           db   00H               ;; Polling interval 
                     117          
                     118     ;; Endpoint Descriptor 0x02
003C 07              119           db   DSCR_ENDPNT_LEN      ;; Descriptor length
003D 05              120           db   DSCR_ENDPNT         ;; Descriptor type
003E 82              121           db   82H               ;; Endpoint number, and direction
                     122     ;;      db   ET_BULK            ;; Endpoint type
003F 03              123           db   ET_INT 
A51 MACRO ASSEMBLER  DSCR                                                                 01/27/2024 04:22:13 PAGE     3

0040 00              124           db   00H               ;; Maximun packet size (LSB)
                     125     ;;      db   02H               ;; Max packect size (MSB)
0041 04              126           db   04H               ;; Max packect size (MSB)
0042 00              127           db   00H               ;; Polling interval
                     128     
                     129     ;; Endpoint Descriptor 0x04
                     130     ;;      db   DSCR_ENDPNT_LEN      ;; Descriptor length
                     131     ;;      db   DSCR_ENDPNT         ;; Descriptor type
                     132     ;;      db   04H               ;; Endpoint number, and direction
                     133     ;;      db   ET_BULK            ;; Endpoint type
                     134     ;;;;      db   ET_INT 
                     135     ;;      db   00H               ;; Maximun packet size (LSB)
                     136     ;;      db   02H               ;; Max packect size (MSB)
                     137     ;;      db   00H               ;; Polling interval
                     138     
                     139     ;; Endpoint Descriptor 0x86
                     140     ;;      db   DSCR_ENDPNT_LEN      ;; Descriptor length
                     141     ;;      db   DSCR_ENDPNT         ;; Descriptor type
                     142     ;;      db   86H               ;; Endpoint number, and direction
                     143     ;;;;      db   ET_BULK            ;; Endpoint type
                     144     ;;      db   ET_INT 
                     145     ;;      db   00H               ;; Maximun packet size (LSB)
                     146     ;;      db   02H               ;; Max packect size (MSB)
                     147     ;;        db   04H               ;; Max packect size (MSB)
                     148     ;;      db   00H               ;; Polling interval
                     149     
                     150     ;; Endpoint Descriptor 0x88
                     151     ;;      db   DSCR_ENDPNT_LEN      ;; Descriptor length
                     152     ;;      db   DSCR_ENDPNT         ;; Descriptor type
                     153     ;;      db   88H               ;; Endpoint number, and direction
                     154     ;;      db   ET_BULK            ;; Endpoint type
                     155     ;;      db   00H               ;; Maximun packet size (LSB)
                     156     ;;      db   02H               ;; Max packect size (MSB)
                     157     ;;      db   00H               ;; Polling interval
                     158     
0043                 159     HighSpeedConfigDscrEnd:   
                     160     
0043                 161     FullSpeedConfigDscr:   
0043 09              162           db   DSCR_CONFIG_LEN               ;; Descriptor length
0044 02              163           db   DSCR_CONFIG                  ;; Descriptor type
0045 27              164           db   (FullSpeedConfigDscrEnd-FullSpeedConfigDscr) mod 256 ;; Total Length (LSB)
0046 00              165           db   (FullSpeedConfigDscrEnd-FullSpeedConfigDscr)  /  256 ;; Total Length (MSB)
0047 01              166           db   1      ;; Number of interfaces
0048 01              167           db   1      ;; Configuration number
0049 00              168           db   0      ;; Configuration string
004A 80              169           db   10000000b   ;; Attributes (b7 - buspwr, b6 - selfpwr, b5 - rwu)
004B 32              170           db   50      ;; Power requirement (div 2 ma)
                     171     
                     172     ;; Interface Descriptor
004C 09              173           db   DSCR_INTRFC_LEN      ;; Descriptor length
004D 04              174           db   DSCR_INTRFC         ;; Descriptor type
004E 00              175           db   0               ;; Zero-based index of this interface
004F 00              176           db   0               ;; Alternate setting
0050 03              177           db   3               ;; Number of end points 
0051 FF              178           db   0ffH            ;; Interface class
0052 00              179           db   00H               ;; Interface sub class
0053 00              180           db   00H               ;; Interface sub sub class
0054 00              181           db   0               ;; Interface descriptor string index
                     182          
                     183     ;; Endpoint Descriptor
0055 07              184           db   DSCR_ENDPNT_LEN      ;; Descriptor length
0056 05              185           db   DSCR_ENDPNT         ;; Descriptor type
0057 01              186           db   01H               ;; Endpoint number, and direction
0058 02              187           db   ET_BULK            ;; Endpoint type
0059 40              188           db   40H               ;; Maximun packet size (LSB)
005A 00              189           db   00H               ;; Max packect size (MSB)
A51 MACRO ASSEMBLER  DSCR                                                                 01/27/2024 04:22:13 PAGE     4

005B 00              190           db   00H               ;; Polling interval
                     191     
                     192     ;; Endpoint Descriptor
005C 07              193           db   DSCR_ENDPNT_LEN      ;; Descriptor length
005D 05              194           db   DSCR_ENDPNT         ;; Descriptor type
005E 81              195           db   81H               ;; Endpoint number, and direction
005F 02              196           db   ET_BULK            ;; Endpoint type
0060 40              197           db   40H               ;; Maximun packet size (LSB)
0061 00              198           db   00H               ;; Max packect size (MSB)
0062 00              199           db   00H               ;; Polling interval 
                     200      
                     201     ;; Endpoint Descriptor
0063 07              202           db   DSCR_ENDPNT_LEN      ;; Descriptor length
0064 05              203           db   DSCR_ENDPNT         ;; Descriptor type
0065 82              204           db   82H               ;; Endpoint number, and direction
                     205     ;;      db   ET_BULK            ;; Endpoint type
0066 03              206           db   ET_INT
0067 40              207           db   40H               ;; Maximun packet size (LSB)
0068 00              208           db   00H               ;; Max packect size (MSB)
0069 00              209           db   00H               ;; Polling interval
                     210     
                     211     ;; Endpoint Descriptor
                     212     ;;      db   DSCR_ENDPNT_LEN      ;; Descriptor length
                     213     ;;      db   DSCR_ENDPNT         ;; Descriptor type
                     214     ;;      db   04H               ;; Endpoint number, and direction
                     215     ;;      db   ET_BULK            ;; Endpoint type
                     216     ;;      db   40H               ;; Maximun packet size (LSB)
                     217     ;;      db   00H               ;; Max packect size (MSB)
                     218     ;;      db   00H               ;; Polling interval
                     219     
                     220     ;; Endpoint Descriptor
                     221     ;;      db   DSCR_ENDPNT_LEN      ;; Descriptor length
                     222     ;;      db   DSCR_ENDPNT         ;; Descriptor type
                     223     ;;      db   86H               ;; Endpoint number, and direction
                     224     ;;      db   ET_BULK            ;; Endpoint type
                     225     ;;      db   40H               ;; Maximun packet size (LSB)
                     226     ;;      db   00H               ;; Max packect size (MSB)
                     227     ;;      db   00H               ;; Polling interval
                     228     
                     229     ;; Endpoint Descriptor
                     230     ;;      db   DSCR_ENDPNT_LEN      ;; Descriptor length
                     231     ;;      db   DSCR_ENDPNT         ;; Descriptor type
                     232     ;;      db   88H               ;; Endpoint number, and direction
                     233     ;;      db   ET_BULK            ;; Endpoint type
                     234     ;;      db   40H               ;; Maximun packet size (LSB)
                     235     ;;      db   00H               ;; Max packect size (MSB)
                     236     ;;      db   00H               ;; Polling interval
                     237     
006A                 238     FullSpeedConfigDscrEnd:   
                     239     
006A                 240     StringDscr:
                     241     
006A                 242     StringDscr0:   
006A 04              243           db   StringDscr0End-StringDscr0      ;; String descriptor length
006B 03              244           db   DSCR_STRING
006C 0904            245           db   09H,04H
006E                 246     StringDscr0End:
                     247     
006E                 248     StringDscr1:   
006E 10              249           db   StringDscr1End-StringDscr1      ;; String descriptor length
006F 03              250           db   DSCR_STRING
0070 4200            251           db   'B',00
0072 6F00            252           db   'o',00
0074 6E00            253           db   'n',00
0076 6700            254           db   'g',00
0078 4300            255           db   'C',00
A51 MACRO ASSEMBLER  DSCR                                                                 01/27/2024 04:22:13 PAGE     5

007A 6F00            256           db   'o',00
007C 6D00            257           db   'm',00
007E                 258     StringDscr1End:
                     259     
007E                 260     StringDscr2:   
007E 26              261           db   StringDscr2End-StringDscr2      ;; Descriptor length
007F 03              262           db   DSCR_STRING
0080 4400            263           db   'D',00
0082 6500            264           db   'e',00
0084 7600            265           db   'v',00
0086 6100            266           db   'a',00
0088 7300            267           db   's',00
008A 7400            268           db   't',00
008C 6100            269           db   'a',00
008E 7400            270           db   't',00
0090 6900            271           db   'i',00
0092 6F00            272           db   'o',00
0094 6E00            273           db   'n',00
0096 2000            274           db   ' ',00
0098 4400            275           db   'D',00
009A 6500            276               db   'e',00
009C 7600            277               db   'v',00
009E 6900            278               db   'i',00
00A0 6300            279               db   'c',00
00A2 6500            280               db   'e',00
00A4                 281     StringDscr2End:
                     282     
00A4                 283     UserDscr:      
00A4 0000            284           dw   0000H
                     285           end
                                   
A51 MACRO ASSEMBLER  DSCR                                                                 01/27/2024 04:22:13 PAGE     6

SYMBOL TABLE LISTING
------ ----- -------


N A M E                 T Y P E  V A L U E   ATTRIBUTES

DEVICEDSCR . . . . . .  C ADDR   0000H   R   SEG=DSCR
DEVICEQUALDSCR . . . .  C ADDR   0012H   R   SEG=DSCR
DSCR . . . . . . . . .  C SEG    00A6H       REL=PAGE
DSCR_CONFIG. . . . . .  N NUMB   0002H   A   
DSCR_CONFIG_LEN. . . .  N NUMB   0009H   A   
DSCR_DEVICE. . . . . .  N NUMB   0001H   A   
DSCR_DEVICE_LEN. . . .  N NUMB   0012H   A   
DSCR_DEVQUAL . . . . .  N NUMB   0006H   A   
DSCR_DEVQUAL_LEN . . .  N NUMB   000AH   A   
DSCR_ENDPNT. . . . . .  N NUMB   0005H   A   
DSCR_ENDPNT_LEN. . . .  N NUMB   0007H   A   
DSCR_INTRFC. . . . . .  N NUMB   0004H   A   
DSCR_INTRFC_LEN. . . .  N NUMB   0009H   A   
DSCR_STRING. . . . . .  N NUMB   0003H   A   
ET_BULK. . . . . . . .  N NUMB   0002H   A   
ET_CONTROL . . . . . .  N NUMB   0000H   A   
ET_INT . . . . . . . .  N NUMB   0003H   A   
ET_ISO . . . . . . . .  N NUMB   0001H   A   
FULLSPEEDCONFIGDSCR. .  C ADDR   0043H   R   SEG=DSCR
FULLSPEEDCONFIGDSCREND  C ADDR   006AH   R   SEG=DSCR
HIGHSPEEDCONFIGDSCR. .  C ADDR   001CH   R   SEG=DSCR
HIGHSPEEDCONFIGDSCREND  C ADDR   0043H   R   SEG=DSCR
STRINGDSCR . . . . . .  C ADDR   006AH   R   SEG=DSCR
STRINGDSCR0. . . . . .  C ADDR   006AH   R   SEG=DSCR
STRINGDSCR0END . . . .  C ADDR   006EH   R   SEG=DSCR
STRINGDSCR1. . . . . .  C ADDR   006EH   R   SEG=DSCR
STRINGDSCR1END . . . .  C ADDR   007EH   R   SEG=DSCR
STRINGDSCR2. . . . . .  C ADDR   007EH   R   SEG=DSCR
STRINGDSCR2END . . . .  C ADDR   00A4H   R   SEG=DSCR
USERDSCR . . . . . . .  C ADDR   00A4H   R   SEG=DSCR


REGISTER BANK(S) USED: 0 


ASSEMBLY COMPLETE.  0 WARNING(S), 0 ERROR(S)
