C51 COMPILER V9.60.7.0   FW                                                                10/03/2026 20:44:46 PAGE 1   


C51 COMPILER V9.60.7.0, COMPILATION OF MODULE FW
OBJECT MODULE PLACED IN fw.OBJ
COMPILER INVOKED BY: C:\Keil_v5\C51\BIN\C51.EXE fw.c OPTIMIZE(8,SPEED) BROWSE INCDIR(C:\Cypress\USB\CY3684_EZ-USB_FX2LP_
                    -DVK\1.1\Target\Inc\) DEBUG OBJECTEXTEND TABS(2)

line level    source

   1          //-----------------------------------------------------------------------------
   2          //   File:      fw.c
   3          //   Contents:  Firmware frameworks task dispatcher and device request parser
   4          //
   5          // $Archive: /USB/Examples/FX2LP/bulkext/fw.c $
   6          // $Date: 3/23/05 2:53p $
   7          // $Revision: 8 $
   8          //
   9          //
  10          //-----------------------------------------------------------------------------
  11          // Copyright 2003, Cypress Semiconductor Corporation
  12          //-----------------------------------------------------------------------------
  13          #include "fx2.h"
  14          #include "fx2regs.h"
  15          #include "syncdly.h"            // SYNCDELAY macro
  16          
  17          //-----------------------------------------------------------------------------
  18          // Constants
  19          //-----------------------------------------------------------------------------
  20          #define DELAY_COUNT   0x9248*8L  // Delay for 8 sec at 24Mhz, 4 sec at 48
  21          #define _IFREQ  48000            // IFCLK constant for Synchronization Delay
  22          #define _CFREQ  48000            // CLKOUT constant for Synchronization Delay
  23          
  24          //-----------------------------------------------------------------------------
  25          // Random Macros
  26          //-----------------------------------------------------------------------------
  27          #define   min(a,b) (((a)<(b))?(a):(b))
  28          #define   max(a,b) (((a)>(b))?(a):(b))
  29          
  30          //-----------------------------------------------------------------------------
  31          // Global Variables
  32          //-----------------------------------------------------------------------------
  33          volatile BOOL   GotSUD;
  34          BOOL      Rwuen;
  35          BOOL      Selfpwr;
  36          volatile BOOL   Sleep;                  // Sleep mode enable flag
  37          
  38          WORD   pDeviceDscr;   // Pointer to Device Descriptor; Descriptors may be moved
  39          WORD   pDeviceQualDscr;
  40          WORD   pHighSpeedConfigDscr;
  41          WORD   pFullSpeedConfigDscr;
  42          WORD   pConfigDscr;
  43          WORD   pOtherConfigDscr;
  44          WORD   pStringDscr;
  45          
  46          //-----------------------------------------------------------------------------
  47          // Prototypes
  48          //-----------------------------------------------------------------------------
  49          void SetupCommand(void);
  50          void TD_Init(void);
  51          void TD_Poll(void);
  52          BOOL TD_Suspend(void);
  53          BOOL TD_Resume(void);
  54          
C51 COMPILER V9.60.7.0   FW                                                                10/03/2026 20:44:46 PAGE 2   

  55          BOOL DR_GetDescriptor(void);
  56          BOOL DR_SetConfiguration(void);
  57          BOOL DR_GetConfiguration(void);
  58          BOOL DR_SetInterface(void);
  59          BOOL DR_GetInterface(void);
  60          BOOL DR_GetStatus(void);
  61          BOOL DR_ClearFeature(void);
  62          BOOL DR_SetFeature(void);
  63          BOOL DR_VendorCmnd(void);
  64          
  65          // this table is used by the epcs macro
  66          const char code  EPCS_Offset_Lookup_Table[] = {
  67            0,    // EP1OUT
  68            1,    // EP1IN
  69            2,    // EP2OUT
  70            2,    // EP2IN
  71            3,    // EP4OUT
  72            3,    // EP4IN
  73            4,    // EP6OUT
  74            4,    // EP6IN
  75            5,    // EP8OUT
  76            5,    // EP8IN
  77          };
  78          
  79          // macro for generating the address of an endpoint's control and status register (EPnCS)
  80          #define epcs(EP) (EPCS_Offset_Lookup_Table[(EP & 0x7E) | (EP > 128)] + 0xE6A1)
  81          
  82          //-----------------------------------------------------------------------------
  83          // Code
  84          //-----------------------------------------------------------------------------
  85          
  86          // Task dispatcher
  87          void main(void) {
  88   1        DWORD   i;
  89   1        WORD   offset;
  90   1        DWORD   DevDescrLen;
  91   1        DWORD   j=0;
  92   1        WORD   IntDescrAddr;
  93   1        WORD   ExtDescrAddr;
  94   1      
  95   1        WORD  x;
  96   1        unsigned char c = 0;
  97   1        OEA = 0xFF;
  98   1        IOA = 0xFF;
  99   1      
 100   1        // Initialize Global States
 101   1        Sleep = FALSE;               // Disable sleep mode
 102   1        Rwuen = FALSE;               // Disable remote wakeup
 103   1        Selfpwr = FALSE;            // Disable self powered
 104   1        GotSUD = FALSE;               // Clear "Got setup data" flag
 105   1      
 106   1        // Initialize user device
 107   1        TD_Init();
 108   1      
 109   1        // The following section of code is used to relocate the descriptor table.
 110   1        // The frameworks uses SUDPTRH and SUDPTRL to automate the SETUP requests
 111   1        // for descriptors.  These registers only work with memory locations
 112   1        // in the EZ-USB internal RAM.  Therefore, if the descriptors are located
 113   1        // in external RAM, they must be copied to in internal RAM.
 114   1        // The descriptor table is relocated by the frameworks ONLY if it is found
 115   1        // to be located in external memory.
 116   1        pDeviceDscr = (WORD)&DeviceDscr;
C51 COMPILER V9.60.7.0   FW                                                                10/03/2026 20:44:46 PAGE 3   

 117   1        pDeviceQualDscr = (WORD)&DeviceQualDscr;
 118   1        pHighSpeedConfigDscr = (WORD)&HighSpeedConfigDscr;
 119   1        pFullSpeedConfigDscr = (WORD)&FullSpeedConfigDscr;
 120   1        pStringDscr = (WORD)&StringDscr;
 121   1      
 122   1        // Is the descriptor table in external RAM (> 16Kbytes)?  If yes,
 123   1        // then relocate.
 124   1        // Note that this code only checks if the descriptors START in
 125   1        // external RAM.  It will not work if the descriptor table spans
 126   1        // internal and external RAM.
 127   1        if ((WORD)&DeviceDscr & 0xC000) {
 128   2          // first, relocate the descriptors
 129   2          IntDescrAddr = INTERNAL_DSCR_ADDR;
 130   2          ExtDescrAddr = (WORD)&DeviceDscr;
 131   2          DevDescrLen = (WORD)&UserDscr - (WORD)&DeviceDscr + 2;
 132   2          for (i = 0; i < DevDescrLen; i++)
 133   2            *((BYTE xdata *)IntDescrAddr+i) = *((BYTE xdata *)ExtDescrAddr+i);
 134   2      
 135   2          // update all of the descriptor pointers
 136   2          pDeviceDscr = IntDescrAddr;
 137   2          offset = (WORD)&DeviceDscr - INTERNAL_DSCR_ADDR;
 138   2          pDeviceQualDscr -= offset;
 139   2          pConfigDscr -= offset;
 140   2          pOtherConfigDscr -= offset;
 141   2          pHighSpeedConfigDscr -= offset;
 142   2          pFullSpeedConfigDscr -= offset;
 143   2          pStringDscr -= offset;
 144   2        }
 145   1      
 146   1        EZUSB_IRQ_ENABLE();            // Enable USB interrupt (INT2)
 147   1        EZUSB_ENABLE_RSMIRQ();            // Wake-up interrupt
 148   1      
 149   1        INTSETUP |= (bmAV2EN | bmAV4EN);     // Enable INT 2 & 4 autovectoring
 150   1      
 151   1        USBIE |= bmSUDAV | bmSUTOK | bmSUSP | bmURES | bmHSGRANT;   // Enable selected interrupts
 152   1        EA = 1;                  // Enable 8051 interrupts
 153   1      
 154   1      #ifndef NO_RENUM
 155   1        // Renumerate if necessary.  Do this by checking the renum bit.  If it
 156   1        // is already set, there is no need to renumerate.  The renum bit will
 157   1        // already be set if this firmware was loaded from an eeprom.
 158   1        if(!(USBCS & bmRENUM)) {
 159   2          EZUSB_Discon(TRUE);   // renumerate
 160   2        }
 161   1      #endif
 162   1      
 163   1        // unconditionally re-connect.  If we loaded from eeprom we are
 164   1        // disconnected and need to connect.  If we just renumerated this
 165   1        // is not necessary but doesn't hurt anything
 166   1        USBCS &=~bmDISCON;
 167   1      
 168   1        CKCON = (CKCON&(~bmSTRETCH)) | FW_STRETCH_VALUE; // Set stretch
 169   1      
 170   1        // clear the Sleep flag.
 171   1        Sleep = FALSE;
 172   1      
 173   1        // Task Dispatcher
 174   1        while(TRUE) {             // Main Loop
 175   2          // Poll User Device
 176   2          TD_Poll();
 177   2      
 178   2          // Check for pending SETUP
C51 COMPILER V9.60.7.0   FW                                                                10/03/2026 20:44:46 PAGE 4   

 179   2          if(GotSUD) {
 180   3            SetupCommand();          // Implement setup command
 181   3            GotSUD = FALSE;          // Clear SETUP flag
 182   3          }
 183   2      
 184   2          // check for and handle suspend.
 185   2          // NOTE: Idle mode stops the processor clock.  There are only two
 186   2          // ways out of idle mode, the WAKEUP pin, and detection of the USB
 187   2          // resume state on the USB bus.  The timers will stop and the
 188   2          // processor will not wake up on any other interrupts.
 189   2          if (Sleep) {
 190   3            if(TD_Suspend()) {
 191   4              Sleep = FALSE;     // Clear the "go to sleep" flag.  Do it here to prevent any race condition between 
             -wakeup and the next sleep.
 192   4              do {
 193   5                EZUSB_Susp();         // Place processor in idle mode.
 194   5              } while(!Rwuen && EZUSB_EXTWAKEUP());
 195   4              // above.  Must continue to go back into suspend if the host has disabled remote wakeup
 196   4              // *and* the wakeup was caused by the external wakeup pin.
 197   4      
 198   4              // 8051 activity will resume here due to USB bus or Wakeup# pin activity.
 199   4              EZUSB_Resume();   // If source is the Wakeup# pin, signal the host to Resume.
 200   4              TD_Resume();
 201   4            }
 202   3          }
 203   2      
 204   2          //if (!(EP2CS & 0x8)) {
 205   2           
 206   2          //  IOA = 0xFE;
 207   2            //c = 0;
 208   2            for( x = 0x0000; x < 800; x++ ) {
 209   3              EP2FIFOBUF[x] = c;
 210   3              c++;
 211   3            }
 212   2      //
 213   2      //      EP2BCH = 0x4;
 214   2      //      SYNCDELAY;
 215   2      //      EP2BCL = 0x0;        // arm EP6IN
 216   2      //      SYNCDELAY;
 217   2      
 218   2            EP2BCH = (x>>8)&0x00FF;
 219   2            SYNCDELAY;
 220   2            EP2BCL = x&0x00FF;        // arm EP6IN
 221   2            SYNCDELAY;
 222   2      
 223   2        //  } else {
 224   2          //  IOA = 0xFF;
 225   2        //  }
 226   2      
 227   2        }
 228   1      }
 229          
 230          BOOL HighSpeedCapable() {
 231   1        // this function determines if the chip is high-speed capable.
 232   1        // FX2 and FX2LP are high-speed capable. FX1 is not - it does
 233   1        // not have a high-speed transceiver.
 234   1      
 235   1        if (GPCR2 & bmFULLSPEEDONLY)
 236   1          return FALSE;
 237   1        else
 238   1          return TRUE;
 239   1      }
C51 COMPILER V9.60.7.0   FW                                                                10/03/2026 20:44:46 PAGE 5   

 240          
 241          // Device request parser
 242          void SetupCommand(void) {
 243   1        void   *dscr_ptr;
 244   1      
 245   1        switch(SETUPDAT[1]) {
 246   2        case SC_GET_DESCRIPTOR:                  // *** Get Descriptor
 247   2          if(DR_GetDescriptor())
 248   2            switch(SETUPDAT[3]) {
 249   3            case GD_DEVICE:            // Device
 250   3              SUDPTRH = MSB(pDeviceDscr);
 251   3              SUDPTRL = LSB(pDeviceDscr);
 252   3              break;
 253   3            case GD_DEVICE_QUALIFIER:            // Device Qualifier
 254   3              // only retuen a device qualifier if this is a high speed
 255   3              // capable chip.
 256   3              if (HighSpeedCapable()) {
 257   4                SUDPTRH = MSB(pDeviceQualDscr);
 258   4                SUDPTRL = LSB(pDeviceQualDscr);
 259   4              } else {
 260   4                EZUSB_STALL_EP0();
 261   4              }
 262   3              break;
 263   3            case GD_CONFIGURATION:         // Configuration
 264   3              SUDPTRH = MSB(pConfigDscr);
 265   3              SUDPTRL = LSB(pConfigDscr);
 266   3              break;
 267   3            case GD_OTHER_SPEED_CONFIGURATION:  // Other Speed Configuration
 268   3              SUDPTRH = MSB(pOtherConfigDscr);
 269   3              SUDPTRL = LSB(pOtherConfigDscr);
 270   3              break;
 271   3            case GD_STRING:            // String
 272   3              if(dscr_ptr = (void *)EZUSB_GetStringDscr(SETUPDAT[2])) {
 273   4                SUDPTRH = MSB(dscr_ptr);
 274   4                SUDPTRL = LSB(dscr_ptr);
 275   4              } else
 276   3                EZUSB_STALL_EP0();   // Stall End Point 0
 277   3              break;
 278   3            default:            // Invalid request
 279   3              EZUSB_STALL_EP0();      // Stall End Point 0
 280   3            }
 281   2          break;
 282   2        case SC_GET_INTERFACE:                  // *** Get Interface
 283   2          DR_GetInterface();
 284   2          break;
 285   2        case SC_SET_INTERFACE:                  // *** Set Interface
 286   2          DR_SetInterface();
 287   2          break;
 288   2        case SC_SET_CONFIGURATION:               // *** Set Configuration
 289   2          DR_SetConfiguration();
 290   2          break;
 291   2        case SC_GET_CONFIGURATION:               // *** Get Configuration
 292   2          DR_GetConfiguration();
 293   2          break;
 294   2        case SC_GET_STATUS:                  // *** Get Status
 295   2          if(DR_GetStatus())
 296   2            switch(SETUPDAT[0]) {
 297   3            case GS_DEVICE:            // Device
 298   3              EP0BUF[0] = ((BYTE)Rwuen << 1) | (BYTE)Selfpwr;
 299   3              EP0BUF[1] = 0;
 300   3              EP0BCH = 0;
 301   3              EP0BCL = 2;
C51 COMPILER V9.60.7.0   FW                                                                10/03/2026 20:44:46 PAGE 6   

 302   3              break;
 303   3            case GS_INTERFACE:         // Interface
 304   3              EP0BUF[0] = 0;
 305   3              EP0BUF[1] = 0;
 306   3              EP0BCH = 0;
 307   3              EP0BCL = 2;
 308   3              break;
 309   3            case GS_ENDPOINT:         // End Point
 310   3              EP0BUF[0] = *(BYTE xdata *) epcs(SETUPDAT[4]) & bmEPSTALL;
 311   3              EP0BUF[1] = 0;
 312   3              EP0BCH = 0;
 313   3              EP0BCL = 2;
 314   3              break;
 315   3            default:            // Invalid Command
 316   3              EZUSB_STALL_EP0();      // Stall End Point 0
 317   3            }
 318   2          break;
 319   2        case SC_CLEAR_FEATURE:                  // *** Clear Feature
 320   2          if(DR_ClearFeature())
 321   2            switch(SETUPDAT[0]) {
 322   3            case FT_DEVICE:            // Device
 323   3              if(SETUPDAT[2] == 1)
 324   3                Rwuen = FALSE;       // Disable Remote Wakeup
 325   3              else
 326   3                EZUSB_STALL_EP0();   // Stall End Point 0
 327   3              break;
 328   3            case FT_ENDPOINT:         // End Point
 329   3              if(SETUPDAT[2] == 0) {
 330   4                *(BYTE xdata *) epcs(SETUPDAT[4]) &= ~bmEPSTALL;
 331   4                EZUSB_RESET_DATA_TOGGLE( SETUPDAT[4] );
 332   4              } else
 333   3                EZUSB_STALL_EP0();   // Stall End Point 0
 334   3              break;
 335   3            }
 336   2          break;
 337   2        case SC_SET_FEATURE:                  // *** Set Feature
 338   2          if(DR_SetFeature())
 339   2            switch(SETUPDAT[0]) {
 340   3            case FT_DEVICE:            // Device
 341   3              if(SETUPDAT[2] == 1)
 342   3                Rwuen = TRUE;      // Enable Remote Wakeup
 343   3              else if(SETUPDAT[2] == 2)
 344   3                // Set Feature Test Mode.  The core handles this request.  However, it is
 345   3                // necessary for the firmware to complete the handshake phase of the
 346   3                // control transfer before the chip will enter test mode.  It is also
 347   3                // necessary for FX2 to be physically disconnected (D+ and D-)
 348   3                // from the host before it will enter test mode.
 349   3                break;
 350   3              else
 351   3                EZUSB_STALL_EP0();   // Stall End Point 0
 352   3              break;
 353   3            case FT_ENDPOINT:         // End Point
 354   3              *(BYTE xdata *) epcs(SETUPDAT[4]) |= bmEPSTALL;
 355   3              break;
 356   3            default:
 357   3              EZUSB_STALL_EP0();      // Stall End Point 0
 358   3            }
 359   2          break;
 360   2        default:                     // *** Invalid Command
 361   2          if(DR_VendorCmnd())
 362   2            EZUSB_STALL_EP0();            // Stall End Point 0
 363   2        }
C51 COMPILER V9.60.7.0   FW                                                                10/03/2026 20:44:46 PAGE 7   

 364   1      
 365   1        // Acknowledge handshake phase of device request
 366   1        EP0CS |= bmHSNAK;
 367   1      }
 368          
 369          // Wake-up interrupt handler
 370          void resume_isr(void) interrupt WKUP_VECT {
 371   1        EZUSB_CLEAR_RSMIRQ();
 372   1      }
 373          
 374          


MODULE INFORMATION:   STATIC OVERLAYABLE
   CODE SIZE        =   1005    ----
   CONSTANT SIZE    =     10    ----
   XDATA SIZE       =   ----    ----
   PDATA SIZE       =   ----    ----
   DATA SIZE        =     14      19
   IDATA SIZE       =   ----    ----
   BIT SIZE         =      4    ----
END OF MODULE INFORMATION.


C51 COMPILATION COMPLETE.  0 WARNING(S),  0 ERROR(S)
