C51 COMPILER V7.20   EP_INTERRUPTS                                                         01/26/2024 23:40:16 PAGE 1   


C51 COMPILER V7.20, COMPILATION OF MODULE EP_INTERRUPTS
OBJECT MODULE PLACED IN EP_Interrupts.OBJ
COMPILER INVOKED BY: C:\Keil\C51\BIN\C51.EXE EP_Interrupts.c BROWSE INCDIR(C:\Cypress\USB\CY3684_EZ-USB_FX2LP_DVK\1.1\Ta
                    -rget\Inc\) DEBUG OBJECTEXTEND

line level    source

   1          #pragma NOIV               // Do not generate interrupt vectors
   2          //-----------------------------------------------------------------------------
   3          //   File:      bulkloop.c
   4          //   Contents:   Hooks required to implement USB peripheral function.
   5          //
   6          //   Copyright (c) 2000 Cypress Semiconductor All rights reserved
   7          //-----------------------------------------------------------------------------
   8          #include "fx2.h"
   9          #include "fx2regs.h"
  10          #include "fx2sdly.h"            // SYNCDELAY macro
  11          
  12          extern BOOL GotSUD;             // Received setup data flag
  13          extern BOOL Sleep;
  14          extern BOOL Rwuen;
  15          extern BOOL Selfpwr;
  16          
  17          BYTE Configuration;             // Current configuration
  18          BYTE AlternateSetting;          // Alternate settings
  19          
  20          #define VR_NAKALL_ON    0xD0
  21          #define VR_NAKALL_OFF   0xD1
  22          
  23          //-----------------------------------------------------------------------------
  24          // Task Dispatcher hooks
  25          //   The following hooks are called by the task dispatcher.
  26          //-----------------------------------------------------------------------------
  27          
  28          void TD_Init(void)             // Called once at startup
  29          {
  30   1         // set the CPU clock to 48MHz
  31   1         CPUCS = ((CPUCS & ~bmCLKSPD) | bmCLKSPD1) ;
  32   1      
  33   1         // set the slave FIFO interface to 48MHz
  34   1         IFCONFIG |= 0x40;
  35   1      
  36   1        // Registers which require a synchronization delay, see section 15.14
  37   1        // FIFORESET        FIFOPINPOLAR
  38   1        // INPKTEND         OUTPKTEND
  39   1        // EPxBCH:L         REVCTL
  40   1        // GPIFTCB3         GPIFTCB2
  41   1        // GPIFTCB1         GPIFTCB0
  42   1        // EPxFIFOPFH:L     EPxAUTOINLENH:L
  43   1        // EPxFIFOCFG       EPxGPIFFLGSEL
  44   1        // PINFLAGSxx       EPxFIFOIRQ
  45   1        // EPxFIFOIE        GPIFIRQ
  46   1        // GPIFIE           GPIFADRH:L
  47   1        // UDMACRCH:L       EPxGPIFTRIG
  48   1        // GPIFTRIG
  49   1        
  50   1        // Note: The pre-REVE EPxGPIFTCH/L register are affected, as well...
  51   1        //      ...these have been replaced by GPIFTC[B3:B0] registers
  52   1      
  53   1        // default: all endpoints have their VALID bit set
  54   1        // default: TYPE1 = 1 and TYPE0 = 0 --> BULK  
C51 COMPILER V7.20   EP_INTERRUPTS                                                         01/26/2024 23:40:16 PAGE 2   

  55   1        // default: EP2 and EP4 DIR bits are 0 (OUT direction)
  56   1        // default: EP6 and EP8 DIR bits are 1 (IN direction)
  57   1        // default: EP2, EP4, EP6, and EP8 are double buffered
  58   1      
  59   1        // we are just using the default values, yes this is not necessary...
  60   1        EP1OUTCFG = 0xA0;
  61   1        EP1INCFG = 0xA0;
  62   1        SYNCDELAY;                    // see TRM section 15.14
  63   1        //EP2CFG = 0xA2;
  64   1        EP2CFG = 0x9A;                                // OUT, Interrupt, 1024 bytes, double buffer see pag 235 EZ-USB® Technical Reference M
             -anual
  65   1        SYNCDELAY;                    
  66   1        //EP4CFG = 0xA0;
  67   1        //SYNCDELAY;                    
  68   1        //EP6CFG = 0xE2;
  69   1        EP6CFG = 0xDA;                            // IN, Interrupt, 1024 bytes, double buffer see pag 235 EZ-USB® Technical Reference
             - Manual
  70   1        SYNCDELAY;                    
  71   1        //EP8CFG = 0xE0;
  72   1      
  73   1        // out endpoints do not come up armed.  Arm EP1, EP2 and EP4 OUT  endpoints
  74   1         EP1OUTBC = 0x40;                             // arm the EP1 OUT endpoint by writing to the byte count
  75   1        // since the defaults are double buffered we must write dummy byte counts twice
  76   1        SYNCDELAY;                    
  77   1        EP2BCL = 0x80;                // arm EP2OUT by writing byte count w/skip.
  78   1        SYNCDELAY;                    
  79   1        EP2BCL = 0x80;
  80   1        SYNCDELAY;                    
  81   1        //EP4BCL = 0x80;                // arm EP4OUT by writing byte count w/skip.
  82   1        //SYNCDELAY;                    
  83   1        //EP4BCL = 0x80;    
  84   1        
  85   1       
  86   1        //EPIE |= bmBIT3 |bmBIT4 | bmBIT5; // Enable EP2, EP4 and EP1 OUT Endpoint interrupts
  87   1        //EPIE |= bmBIT6 |bmBIT7 | bmBIT2; // Enable EP6, EP8 and EP1 IN  Endpoint interrupts
  88   1        
  89   1        EPIE |= bmBIT4 | bmBIT3; // Enable EP2 and EP1 OUT Endpoint interrupts
  90   1        EPIE |= bmBIT6 | bmBIT2; // Enable EP6 and EP1 IN  Endpoint interrupts
  91   1      
  92   1        // enable dual autopointer feature
  93   1        AUTOPTRSETUP |= 0x01;
  94   1      
  95   1        Rwuen = TRUE;                 // Enable remote-wakeup
  96   1      }
  97          
  98          
  99          void TD_Poll(void)              // Called repeatedly while the device is idle
 100          {
 101   1      }
 102          
 103          BOOL TD_Suspend(void)          // Called before the device goes into suspend mode
 104          {
 105   1         return(TRUE);
 106   1      }
 107          
 108          BOOL TD_Resume(void)          // Called after the device resumes
 109          {
 110   1         return(TRUE);
 111   1      }
 112          
 113          //-----------------------------------------------------------------------------
 114          // Device Request hooks
C51 COMPILER V7.20   EP_INTERRUPTS                                                         01/26/2024 23:40:16 PAGE 3   

 115          //   The following hooks are called by the end point 0 device request parser.
 116          //-----------------------------------------------------------------------------
 117          
 118          BOOL DR_GetDescriptor(void)
 119          {
 120   1         return(TRUE);
 121   1      }
 122          
 123          BOOL DR_SetConfiguration(void)   // Called when a Set Configuration command is received
 124          {
 125   1         Configuration = SETUPDAT[2];
 126   1         return(TRUE);            // Handled by user code
 127   1      }
 128          
 129          BOOL DR_GetConfiguration(void)   // Called when a Get Configuration command is received
 130          {
 131   1         EP0BUF[0] = Configuration;
 132   1         EP0BCH = 0;
 133   1         EP0BCL = 1;
 134   1         return(TRUE);            // Handled by user code
 135   1      }
 136          
 137          BOOL DR_SetInterface(void)       // Called when a Set Interface command is received
 138          {
 139   1         AlternateSetting = SETUPDAT[2];
 140   1         return(TRUE);            // Handled by user code
 141   1      }
 142          
 143          BOOL DR_GetInterface(void)       // Called when a Set Interface command is received
 144          {
 145   1         EP0BUF[0] = AlternateSetting;
 146   1         EP0BCH = 0;
 147   1         EP0BCL = 1;
 148   1         return(TRUE);            // Handled by user code
 149   1      }
 150          
 151          BOOL DR_GetStatus(void)
 152          {
 153   1         return(TRUE);
 154   1      }
 155          
 156          BOOL DR_ClearFeature(void)
 157          {
 158   1         return(TRUE);
 159   1      }
 160          
 161          BOOL DR_SetFeature(void)
 162          {
 163   1         return(TRUE);
 164   1      }
 165          
 166          BOOL DR_VendorCmnd(void)
 167          {
 168   1        BYTE tmp;
 169   1        
 170   1        switch (SETUPDAT[1])
 171   1        {
 172   2           case VR_NAKALL_ON:
 173   2              tmp = FIFORESET;
 174   2              tmp |= bmNAKALL;      
 175   2              SYNCDELAY;                    
 176   2              FIFORESET = tmp;
C51 COMPILER V7.20   EP_INTERRUPTS                                                         01/26/2024 23:40:16 PAGE 4   

 177   2              break;
 178   2           case VR_NAKALL_OFF:
 179   2              tmp = FIFORESET;
 180   2              tmp &= ~bmNAKALL;      
 181   2              SYNCDELAY;                    
 182   2              FIFORESET = tmp;
 183   2              break;
 184   2           default:
 185   2              return(TRUE);
 186   2        }
 187   1      
 188   1        return(FALSE);
 189   1      }
 190          
 191          //-----------------------------------------------------------------------------
 192          // USB Interrupt Handlers
 193          //   The following functions are called by the USB interrupt jump table.
 194          //-----------------------------------------------------------------------------
 195          
 196          // Setup Data Available Interrupt Handler
 197          void ISR_Sudav(void) interrupt 0
 198          {
 199   1         GotSUD = TRUE;            // Set flag
 200   1         EZUSB_IRQ_CLEAR();
 201   1         USBIRQ = bmSUDAV;         // Clear SUDAV IRQ
 202   1      }
 203          
 204          // Setup Token Interrupt Handler
 205          void ISR_Sutok(void) interrupt 0
 206          {
 207   1         EZUSB_IRQ_CLEAR();
 208   1         USBIRQ = bmSUTOK;         // Clear SUTOK IRQ
 209   1      }
 210          
 211          void ISR_Sof(void) interrupt 0
 212          {
 213   1         EZUSB_IRQ_CLEAR();
 214   1         USBIRQ = bmSOF;            // Clear SOF IRQ
 215   1      }
 216          
 217          void ISR_Ures(void) interrupt 0
 218          {
 219   1         // whenever we get a USB reset, we should revert to full speed mode
 220   1         pConfigDscr = pFullSpeedConfigDscr;
 221   1         ((CONFIGDSCR xdata *) pConfigDscr)->type = CONFIG_DSCR;
 222   1         pOtherConfigDscr = pHighSpeedConfigDscr;
 223   1         ((CONFIGDSCR xdata *) pOtherConfigDscr)->type = OTHERSPEED_DSCR;
 224   1      
 225   1         EZUSB_IRQ_CLEAR();
 226   1         USBIRQ = bmURES;         // Clear URES IRQ
 227   1      }
 228          
 229          void ISR_Susp(void) interrupt 0
 230          {
 231   1         Sleep = TRUE;
 232   1         EZUSB_IRQ_CLEAR();
 233   1         USBIRQ = bmSUSP;
 234   1      }
 235          
 236          void ISR_Highspeed(void) interrupt 0
 237          {
 238   1         if (EZUSB_HIGHSPEED())
C51 COMPILER V7.20   EP_INTERRUPTS                                                         01/26/2024 23:40:16 PAGE 5   

 239   1         {
 240   2            pConfigDscr = pHighSpeedConfigDscr;
 241   2            ((CONFIGDSCR xdata *) pConfigDscr)->type = CONFIG_DSCR;
 242   2            pOtherConfigDscr = pFullSpeedConfigDscr;
 243   2            ((CONFIGDSCR xdata *) pOtherConfigDscr)->type = OTHERSPEED_DSCR;
 244   2         }
 245   1      
 246   1         EZUSB_IRQ_CLEAR();
 247   1         USBIRQ = bmHSGRANT;
 248   1      }
 249          void ISR_Ep0ack(void) interrupt 0
 250          {
 251   1      }
 252          void ISR_Stub(void) interrupt 0
 253          {
 254   1      }
 255          void ISR_Ep0in(void) interrupt 0
 256          {
 257   1      }
 258          void ISR_Ep0out(void) interrupt 0
 259          {
 260   1      }
 261          void ISR_Ep1in(void) interrupt 0
 262          {
 263   1              EP1OUTBC = 64;
 264   1      
 265   1              EZUSB_IRQ_CLEAR();
 266   1              EPIRQ = bmBIT2;
 267   1      }
 268          void ISR_Ep1out(void) interrupt 0
 269          {
 270   1      
 271   1              BYTE count;
 272   1              BYTE i;
 273   1              
 274   1              count = EP1OUTBC;
 275   1              if(!(EP1INCS & bmBIT1))
 276   1              {
 277   2                      for (i=0;i<count; i++)
 278   2                      {
 279   3                              EP1INBUF[i]=EP1OUTBUF[i];
 280   3                      }
 281   2                      EP1INBC = count;
 282   2              }
 283   1      
 284   1              EZUSB_IRQ_CLEAR();
 285   1              EPIRQ = bmBIT3;
 286   1      }
 287          
 288          void ISR_Ep2inout(void) interrupt 0
 289          {
 290   1         WORD count;
 291   1         WORD  i;
 292   1      
 293   1         if(!(EP2468STAT & bmEP6FULL))
 294   1         {  // check EP6 FULL(busy) bit in EP2468STAT (SFR), core set's this bit when FIFO is full
 295   2            APTR1H = MSB( &EP2FIFOBUF );
 296   2            APTR1L = LSB( &EP2FIFOBUF );
 297   2            
 298   2            AUTOPTRH2 = MSB( &EP6FIFOBUF );
 299   2            AUTOPTRL2 = LSB( &EP6FIFOBUF );
 300   2            
C51 COMPILER V7.20   EP_INTERRUPTS                                                         01/26/2024 23:40:16 PAGE 6   

 301   2            count = (EP2BCH << 8) + EP2BCL;
 302   2            
 303   2            // loop EP2OUT buffer data to EP6IN
 304   2            for( i = 0x0000; i < count; i++ )
 305   2            {
 306   3               // setup to transfer EP2OUT buffer to EP6IN buffer using AUTOPOINTER(s)
 307   3               EXTAUTODAT2 = EXTAUTODAT1;
 308   3            }
 309   2            EP6BCH = EP2BCH;  
 310   2            SYNCDELAY;  
 311   2            EP6BCL = EP2BCL;        // arm EP6IN
 312   2            SYNCDELAY;                    
 313   2         }
 314   1      
 315   1              EZUSB_IRQ_CLEAR();
 316   1              EPIRQ = bmBIT4;
 317   1      }
 318          
 319          void ISR_Ep4inout(void) interrupt 0
 320          {
 321   1      //  WORD count;
 322   1      //  WORD  i;
 323   1      //
 324   1      //      if(!(EP2468STAT & bmEP4EMPTY))
 325   1      //      { // check EP4 EMPTY(busy) bit in EP2468STAT (SFR), core set's this bit when FIFO is empty
 326   1      //      if(!(EP2468STAT & bmEP8FULL))
 327   1      //           {  // check EP8 FULL(busy) bit in EP2468STAT (SFR), core set's this bit when FIFO is full
 328   1      //              APTR1H = MSB( &EP4FIFOBUF );
 329   1      //              APTR1L = LSB( &EP4FIFOBUF );
 330   1      //      
 331   1      //              AUTOPTRH2 = MSB( &EP8FIFOBUF );
 332   1      //              AUTOPTRL2 = LSB( &EP8FIFOBUF );
 333   1      //      
 334   1      //              count = (EP4BCH << 8) + EP4BCL;
 335   1      //      
 336   1      //              // loop EP4OUT buffer data to EP8IN
 337   1      //              for( i = 0x0000; i < count; i++ )
 338   1      //              {
 339   1      //                 // setup to transfer EP4OUT buffer to EP8IN buffer using AUTOPOINTER(s)
 340   1      //                 EXTAUTODAT2 = EXTAUTODAT1;
 341   1      //              }
 342   1      //              EP8BCH = EP4BCH;  
 343   1      //              SYNCDELAY;  
 344   1      //              EP8BCL = EP4BCL;        // arm EP8IN
 345   1      //              SYNCDELAY;                    
 346   1      //           }
 347   1      //      }
 348   1      //
 349   1      //      EZUSB_IRQ_CLEAR();
 350   1      //      EPIRQ = bmBIT5;
 351   1      
 352   1      }
 353          
 354          void ISR_Ep6inout(void) interrupt 0
 355          {
 356   1          EP2BCL = 0x80;          // re(arm) EP2OUT
 357   1      
 358   1              EZUSB_IRQ_CLEAR();
 359   1              EPIRQ = bmBIT6;
 360   1      }
 361          
 362          void ISR_Ep8inout(void) interrupt 0
C51 COMPILER V7.20   EP_INTERRUPTS                                                         01/26/2024 23:40:16 PAGE 7   

 363          {
 364   1      //    EP4BCL = 0x80;          // re(arm) EP2OUT
 365   1      //
 366   1      //      EZUSB_IRQ_CLEAR();
 367   1      //      EPIRQ = bmBIT7;
 368   1      }
 369          
 370          void ISR_Ibn(void) interrupt 0
 371          {
 372   1      }
 373          void ISR_Ep0pingnak(void) interrupt 0
 374          {
 375   1      }
 376          void ISR_Ep1pingnak(void) interrupt 0
 377          {
 378   1      }
 379          void ISR_Ep2pingnak(void) interrupt 0
 380          {
 381   1      }
 382          void ISR_Ep4pingnak(void) interrupt 0
 383          {
 384   1      }
 385          void ISR_Ep6pingnak(void) interrupt 0
 386          {
 387   1      }
 388          void ISR_Ep8pingnak(void) interrupt 0
 389          {
 390   1      }
 391          void ISR_Errorlimit(void) interrupt 0
 392          {
 393   1      }
 394          void ISR_Ep2piderror(void) interrupt 0
 395          {
 396   1      }
 397          void ISR_Ep4piderror(void) interrupt 0
 398          {
 399   1      }
 400          void ISR_Ep6piderror(void) interrupt 0
 401          {
 402   1      }
 403          void ISR_Ep8piderror(void) interrupt 0
 404          {
 405   1      }
 406          void ISR_Ep2pflag(void) interrupt 0
 407          {
 408   1      }
 409          void ISR_Ep4pflag(void) interrupt 0
 410          {
 411   1      }
 412          void ISR_Ep6pflag(void) interrupt 0
 413          {
 414   1      }
 415          void ISR_Ep8pflag(void) interrupt 0
 416          {
 417   1      }
 418          void ISR_Ep2eflag(void) interrupt 0
 419          {
 420   1      }
 421          void ISR_Ep4eflag(void) interrupt 0
 422          {
 423   1      }
 424          void ISR_Ep6eflag(void) interrupt 0
C51 COMPILER V7.20   EP_INTERRUPTS                                                         01/26/2024 23:40:16 PAGE 8   

 425          {
 426   1      }
 427          void ISR_Ep8eflag(void) interrupt 0
 428          {
 429   1      }
 430          void ISR_Ep2fflag(void) interrupt 0
 431          {
 432   1      }
 433          void ISR_Ep4fflag(void) interrupt 0
 434          {
 435   1      }
 436          void ISR_Ep6fflag(void) interrupt 0
 437          {
 438   1      }
 439          void ISR_Ep8fflag(void) interrupt 0
 440          {
 441   1      }
 442          void ISR_GpifComplete(void) interrupt 0
 443          {
 444   1      }
 445          void ISR_GpifWaveform(void) interrupt 0
 446          {
 447   1      }


MODULE INFORMATION:   STATIC OVERLAYABLE
   CODE SIZE        =    715    ----
   CONSTANT SIZE    =   ----    ----
   XDATA SIZE       =   ----    ----
   PDATA SIZE       =   ----    ----
   DATA SIZE        =      2    ----
   IDATA SIZE       =   ----    ----
   BIT SIZE         =   ----    ----
END OF MODULE INFORMATION.


C51 COMPILATION COMPLETE.  0 WARNING(S),  0 ERROR(S)
